# RabbitHole Protocol (RHP) wire registry — golden snapshot. DO NOT hand-edit.
# One line per (family, message_type): <family#> <FAMILY> <type#> <MessageName>
# Re-bless an *intentional* wire change: BLESS=1 cargo test -p rabbithole-proto --test registry
# total: 177
  0 SESSION         1  Hello
  0 SESSION         2  HelloAck
  0 SESSION        10  AuthPassword
  0 SESSION        11  AuthGuest
  0 SESSION        12  AuthResume
  0 SESSION        13  AuthOk
  0 SESSION        14  Register
  0 SESSION        20  Ping
  0 SESSION        21  Pong
  0 SESSION        30  AgreementAccept
  0 SESSION        40  Welcome
  0 SESSION        41  ServerNotice
  0 SESSION        42  WelcomeScreenRequest
  0 SESSION        43  WelcomeScreen
  0 SESSION        44  ThemeGet
  0 SESSION        45  ThemeReply
  0 SESSION        46  KeywordGo
  0 SESSION        47  KeywordTarget
  0 SESSION        50  PersonaListRequest
  0 SESSION        51  PersonaCreate
  0 SESSION        52  PersonaUpdate
  0 SESSION        53  PersonaDelete
  0 SESSION        54  PersonaSwitch
  0 SESSION        55  PersonaList
  0 SESSION        56  PersonaReply
  0 SESSION        57  ThemePrefGet
  0 SESSION        58  ThemePrefSet
  0 SESSION        59  ThemePrefState
  0 SESSION        60  TotpEnrollBegin
  0 SESSION        61  TotpEnrollInfo
  0 SESSION        62  TotpEnrollConfirm
  0 SESSION        63  RecoveryCodes
  0 SESSION        64  TotpDisable
  0 SESSION        65  KeyEnroll
  1 PRESENCE        1  Who
  1 PRESENCE        2  WhoList
  1 PRESENCE        3  UserJoined
  1 PRESENCE        4  UserLeft
  1 PRESENCE        5  UserChanged
  1 PRESENCE       10  ProfileGet
  1 PRESENCE       11  ProfileCard
  1 PRESENCE       12  DirectorySearch
  1 PRESENCE       13  DirectoryResults
  1 PRESENCE       20  PresenceSet
  1 PRESENCE       21  BuddyListRequest
  1 PRESENCE       22  BuddyList
  1 PRESENCE       23  BuddyAdd
  1 PRESENCE       24  BuddyRemove
  1 PRESENCE       25  BlockAdd
  1 PRESENCE       26  BlockRemove
  2 CHAT            1  ChatSend
  2 CHAT            2  ChatMessage
  2 CHAT            3  ChatHistoryRequest
  2 CHAT            4  ChatHistory
  2 CHAT           10  RoomListRequest
  2 CHAT           11  RoomList
  2 CHAT           12  RoomCreate
  2 CHAT           13  RoomJoin
  2 CHAT           14  RoomLeave
  2 CHAT           15  RoomInvite
  2 CHAT           16  RoomInvited
  2 CHAT           17  RoomTopicSet
  2 CHAT           18  RoomKick
  2 CHAT           19  RoomInfoReply
  2 CHAT           20  RoomKicked
  2 CHAT           21  RoomMembersRequest
  2 CHAT           22  RoomMemberList
  2 CHAT           23  RoomMute
  2 CHAT           24  RoomUnmute
  2 CHAT           25  RoomSlowMode
  2 CHAT           26  RoomMuted
  2 CHAT           27  RoomSlowModeChanged
  3 DM              1  DmSend
  3 DM              2  DmSent
  3 DM              3  DmReceived
  3 DM              4  DmHistoryRequest
  3 DM              5  DmHistory
  3 DM              6  DmThreadsRequest
  3 DM              7  DmThreads
  3 DM              8  DmMarkRead
  3 DM              9  DmReadReceipt
  3 DM             10  KeyBundlePublish
  3 DM             11  KeyBundleRequest
  3 DM             12  KeyBundle
  4 BOARD           1  BoardListRequest
  4 BOARD           2  BoardList
  4 BOARD           3  ThreadListRequest
  4 BOARD           4  ThreadList
  4 BOARD           5  ThreadRequest
  4 BOARD           6  ThreadPosts
  4 BOARD           7  PostCreate
  4 BOARD           8  PostReply
  4 BOARD           9  PostEdit
  4 BOARD          10  PostDelete
  4 BOARD          11  MarkRead
  4 BOARD          12  BoardCreate
  4 BOARD          13  BoardCreated
  4 BOARD          14  PostPosted
  5 FILE            1  AreaListRequest
  5 FILE            2  AreaList
  5 FILE            3  FolderListRequest
  5 FILE            4  NodeList
  5 FILE            5  NodeGet
  5 FILE            6  NodeReply
  5 FILE            7  AreaCreate
  5 FILE            8  AreaReply
  5 FILE            9  FolderCreate
  5 FILE           10  FileUpload
  5 FILE           11  FileDownloadRequest
  5 FILE           12  FileContent
  5 FILE           13  NodeDelete
  5 FILE           14  SetMetadata
  5 FILE           15  SearchRequest
  5 FILE           16  SearchResults
  5 FILE           17  RateFile
  5 FILE           18  AliasCreate
  5 FILE           19  FileAdded
  5 FILE           20  TransferOpen
  5 FILE           21  TransferTicket
  5 FILE           22  TransferResume
  5 FILE           23  UploadFinish
  5 FILE           24  TransferAbort
  5 FILE           25  FolderManifestRequest
  5 FILE           26  FolderManifest
  5 FILE           40  FileChunkRequest
  5 FILE           41  FileChunk
  5 FILE           42  FileChunkPut
  5 FILE          100  BlobPut
  5 FILE          101  BlobRef
  5 FILE          102  BlobGet
  5 FILE          103  BlobData
  6 SWARM           1  AdvertiseFiles
  6 SWARM           2  AdvertiseAck
  6 SWARM           3  AdvertWithdraw
  6 SWARM           4  FindSources
  6 SWARM           5  SourceList
  6 SWARM           6  PeerContact
  6 SWARM           7  SourceTicketRequest
  6 SWARM           8  SourceTicket
  7 ADMIN           1  ClassListRequest
  7 ADMIN           2  ClassList
  7 ADMIN           3  ClassSet
  7 ADMIN           4  AccountListRequest
  7 ADMIN           5  AccountList
  7 ADMIN           6  AccountSet
  7 ADMIN           7  InviteCreate
  7 ADMIN           8  InviteCode
  7 ADMIN           9  Broadcast
  7 ADMIN          10  Kick
  7 ADMIN          11  ConfigGet
  7 ADMIN          12  ConfigValue
  7 ADMIN          13  ConfigSet
  7 ADMIN          14  ConfigApplied
  7 ADMIN          30  ReportCreate
  7 ADMIN          31  ReportAck
  7 ADMIN          32  ReportListRequest
  7 ADMIN          33  ReportList
  7 ADMIN          34  ReportResolve
  7 ADMIN          35  QuarantineSet
  7 ADMIN          36  QuarantineClear
  7 ADMIN          37  DenyHashAdd
  7 ADMIN          38  DenyHashRemove
  7 ADMIN          39  DenyHashListRequest
  7 ADMIN          40  DenyHashList
  7 ADMIN          41  ThemeBundleSet
  7 ADMIN          42  ThemeBundleClear
  7 ADMIN          43  ThemeBundleGet
  7 ADMIN          44  ThemeBundleInfo
  7 ADMIN          45  GatewayStatsRequest
  7 ADMIN          46  GatewayStatsReply
 10 WISHING_WELL    1  WishListRequest
 10 WISHING_WELL    2  WishList
 10 WISHING_WELL    3  WishCreate
 10 WISHING_WELL    4  WishVote
 10 WISHING_WELL    5  WishSetStatus
 10 WISHING_WELL    6  WishReply
 10 WISHING_WELL    7  WishUpdated
